[2024-01-10 11:45:51,093: INFO: main: This is custom logger!]
[2024-01-11 17:11:03,660: INFO: common: yaml file: config\config.yaml loaded successfully]
[2024-01-11 17:11:03,670: INFO: common: yaml file: params.yaml loaded successfully]
[2024-01-11 17:11:03,686: INFO: common: yaml file: schema.yaml loaded successfully]
[2024-01-11 17:11:03,735: INFO: common: created directory at: artifacts]
[2024-01-11 17:11:03,735: INFO: common: created directory at: artifacts/data_ingestion]
[2024-01-11 17:22:45,192: INFO: common: yaml file: config\config.yaml loaded successfully]
[2024-01-11 17:22:45,192: INFO: common: yaml file: params.yaml loaded successfully]
[2024-01-11 17:22:45,198: INFO: common: yaml file: schema.yaml loaded successfully]
[2024-01-11 17:22:45,244: INFO: common: created directory at: artifacts]
[2024-01-11 17:22:45,244: INFO: common: created directory at: artifacts/data_ingestion]
[2024-01-11 17:25:05,781: INFO: common: yaml file: config\config.yaml loaded successfully]
[2024-01-11 17:25:05,783: INFO: common: yaml file: params.yaml loaded successfully]
[2024-01-11 17:25:05,786: INFO: common: yaml file: schema.yaml loaded successfully]
[2024-01-11 17:25:05,786: INFO: common: created directory at: artifacts]
[2024-01-11 17:25:05,788: INFO: common: created directory at: artifacts/data_ingestion]
[2024-01-11 17:29:02,857: INFO: common: yaml file: config\config.yaml loaded successfully]
[2024-01-11 17:29:02,860: INFO: common: yaml file: params.yaml loaded successfully]
[2024-01-11 17:29:02,862: INFO: common: yaml file: schema.yaml loaded successfully]
[2024-01-11 17:29:02,863: INFO: common: created directory at: artifacts]
[2024-01-11 17:29:02,866: INFO: common: created directory at: artifacts/data_ingestion]
[2024-01-11 17:30:00,157: INFO: common: yaml file: config\config.yaml loaded successfully]
[2024-01-11 17:30:00,160: INFO: common: yaml file: params.yaml loaded successfully]
[2024-01-11 17:30:00,162: INFO: common: yaml file: schema.yaml loaded successfully]
[2024-01-11 17:30:00,162: INFO: common: created directory at: artifacts]
[2024-01-11 17:30:00,162: INFO: common: created directory at: artifacts/data_ingestion]
[2024-01-11 17:33:12,235: INFO: common: yaml file: config\config.yaml loaded successfully]
[2024-01-11 17:33:12,239: INFO: common: yaml file: params.yaml loaded successfully]
[2024-01-11 17:33:12,241: INFO: common: yaml file: schema.yaml loaded successfully]
[2024-01-11 17:33:12,242: INFO: common: created directory at: artifacts]
[2024-01-11 17:33:12,244: INFO: common: created directory at: artifacts/data_ingestion]
[2024-01-11 17:58:06,841: INFO: common: yaml file: config\config.yaml loaded successfully]
[2024-01-11 17:58:06,843: INFO: common: yaml file: params.yaml loaded successfully]
[2024-01-11 17:58:06,846: INFO: common: yaml file: schema.yaml loaded successfully]
[2024-01-11 17:58:06,846: INFO: common: created directory at: artifacts]
[2024-01-11 17:58:06,846: INFO: common: created directory at: artifacts/data_ingestion]
[2024-01-11 18:01:51,160: INFO: common: yaml file: config\config.yaml loaded successfully]
[2024-01-11 18:01:51,163: INFO: common: yaml file: params.yaml loaded successfully]
[2024-01-11 18:01:51,166: INFO: common: yaml file: schema.yaml loaded successfully]
[2024-01-11 18:01:51,166: INFO: common: created directory at: artifacts]
[2024-01-11 18:01:51,170: INFO: common: created directory at: artifacts/data_ingestion]
[2024-01-11 18:03:09,254: INFO: common: yaml file: config\config.yaml loaded successfully]
[2024-01-11 18:03:09,257: INFO: common: yaml file: params.yaml loaded successfully]
[2024-01-11 18:03:09,259: INFO: common: yaml file: schema.yaml loaded successfully]
[2024-01-11 18:03:09,261: INFO: common: created directory at: artifacts]
[2024-01-11 18:03:09,261: INFO: common: created directory at: artifacts/data_ingestion]
[2024-01-11 18:05:09,834: INFO: common: yaml file: config\config.yaml loaded successfully]
[2024-01-11 18:05:09,837: INFO: common: yaml file: params.yaml loaded successfully]
[2024-01-11 18:05:09,839: INFO: common: yaml file: schema.yaml loaded successfully]
[2024-01-11 18:05:09,841: INFO: common: created directory at: artifacts]
[2024-01-11 18:05:09,841: INFO: common: created directory at: artifacts/data_ingestion]
[2024-01-11 18:50:50,936: INFO: common: yaml file: config\config.yaml loaded successfully]
[2024-01-11 18:50:50,938: INFO: common: yaml file: params.yaml loaded successfully]
[2024-01-11 18:50:50,940: INFO: common: yaml file: schema.yaml loaded successfully]
[2024-01-11 18:50:50,941: INFO: common: created directory at: artifacts]
[2024-01-11 18:50:50,941: INFO: common: created directory at: artifacts/data_ingestion]
[2024-01-11 18:50:50,941: INFO: 3101321396: Exporting data from mongodb]
[2024-01-11 18:51:38,306: INFO: common: yaml file: config\config.yaml loaded successfully]
[2024-01-11 18:51:38,306: INFO: common: yaml file: params.yaml loaded successfully]
[2024-01-11 18:51:38,306: INFO: common: yaml file: schema.yaml loaded successfully]
[2024-01-11 18:51:38,306: INFO: common: created directory at: artifacts]
[2024-01-11 18:51:38,306: INFO: common: created directory at: artifacts/data_ingestion]
[2024-01-11 18:51:38,306: INFO: 937131561: Exporting data from mongodb]
[2024-01-11 18:51:42,358: INFO: 937131561: Saving exported data into feature store file path: artifacts/data_ingestion]
[2024-01-11 20:37:23,623: INFO: main: >>>>>> stage Data Ingestion stage started <<<<<<]
[2024-01-11 20:37:23,623: INFO: common: yaml file: config\config.yaml loaded successfully]
[2024-01-11 20:37:23,623: INFO: common: yaml file: params.yaml loaded successfully]
[2024-01-11 20:37:23,630: INFO: common: yaml file: schema.yaml loaded successfully]
[2024-01-11 20:37:23,630: INFO: common: created directory at: artifacts]
[2024-01-11 20:37:23,630: INFO: common: created directory at: artifacts/data_ingestion]
[2024-01-11 20:37:23,630: INFO: data_ingestion: Exporting data from mongodb]
[2024-01-11 20:37:27,464: INFO: data_ingestion: Saving exported data into feature store file path: artifacts/data_ingestion]
[2024-01-11 20:37:27,573: INFO: main: >>>>>> stage Data Ingestion stage completed <<<<<<

x==========x]
[2024-01-12 10:05:22,018: INFO: common: yaml file: config\config.yaml loaded successfully]
[2024-01-12 10:05:22,071: INFO: common: yaml file: params.yaml loaded successfully]
[2024-01-12 10:05:22,074: INFO: common: yaml file: schema.yaml loaded successfully]
[2024-01-12 10:05:22,075: INFO: common: created directory at: artifacts]
[2024-01-12 10:08:14,311: INFO: common: yaml file: config\config.yaml loaded successfully]
[2024-01-12 10:08:14,311: INFO: common: yaml file: params.yaml loaded successfully]
[2024-01-12 10:08:14,317: INFO: common: yaml file: schema.yaml loaded successfully]
[2024-01-12 10:08:14,319: INFO: common: created directory at: artifacts]
[2024-01-12 10:08:14,319: INFO: common: created directory at: artifacts/data_validation]
[2024-01-12 10:09:26,341: INFO: common: yaml file: config\config.yaml loaded successfully]
[2024-01-12 10:09:26,343: INFO: common: yaml file: params.yaml loaded successfully]
[2024-01-12 10:09:26,346: INFO: common: yaml file: schema.yaml loaded successfully]
[2024-01-12 10:09:26,347: INFO: common: created directory at: artifacts]
[2024-01-12 10:09:26,348: INFO: common: created directory at: artifacts/data_validation]
[2024-01-12 10:17:14,153: INFO: common: yaml file: config\config.yaml loaded successfully]
[2024-01-12 10:17:14,155: INFO: common: yaml file: params.yaml loaded successfully]
[2024-01-12 10:17:14,158: INFO: common: yaml file: schema.yaml loaded successfully]
[2024-01-12 10:17:14,161: INFO: common: created directory at: artifacts]
[2024-01-12 10:17:14,162: INFO: common: created directory at: artifacts/data_validation]
[2024-01-12 10:20:56,674: INFO: common: yaml file: config\config.yaml loaded successfully]
[2024-01-12 10:20:56,678: INFO: common: yaml file: params.yaml loaded successfully]
[2024-01-12 10:20:56,681: INFO: common: yaml file: schema.yaml loaded successfully]
[2024-01-12 10:20:56,682: INFO: common: created directory at: artifacts]
[2024-01-12 10:20:56,683: INFO: common: created directory at: artifacts/data_validation]
[2024-01-12 10:27:48,565: INFO: common: yaml file: schema.yaml loaded successfully]
[2024-01-12 10:30:54,871: INFO: common: yaml file: schema.yaml loaded successfully]
[2024-01-12 10:32:45,534: INFO: common: yaml file: config\config.yaml loaded successfully]
[2024-01-12 10:32:45,535: INFO: common: yaml file: params.yaml loaded successfully]
[2024-01-12 10:32:45,540: INFO: common: yaml file: schema.yaml loaded successfully]
[2024-01-12 10:32:45,541: INFO: common: created directory at: artifacts]
[2024-01-12 10:32:45,542: INFO: common: created directory at: artifacts/data_validation]
[2024-01-12 10:35:36,444: INFO: common: yaml file: config\config.yaml loaded successfully]
[2024-01-12 10:35:36,444: INFO: common: yaml file: params.yaml loaded successfully]
[2024-01-12 10:35:36,456: INFO: common: yaml file: schema.yaml loaded successfully]
[2024-01-12 10:35:36,457: INFO: common: created directory at: artifacts]
[2024-01-12 10:35:36,458: INFO: common: created directory at: artifacts/data_validation]
[2024-01-12 10:48:38,891: INFO: main: >>>>>> stage Data Validation stage started <<<<<<]
[2024-01-12 10:48:38,891: INFO: common: yaml file: config\config.yaml loaded successfully]
[2024-01-12 10:48:38,891: INFO: common: yaml file: params.yaml loaded successfully]
[2024-01-12 10:48:38,906: INFO: common: yaml file: schema.yaml loaded successfully]
[2024-01-12 10:48:38,906: INFO: common: created directory at: artifacts]
[2024-01-12 10:48:38,906: INFO: common: created directory at: artifacts/data_validation]
[2024-01-12 10:48:38,943: INFO: main: >>>>>> stage Data Validation stage completed <<<<<<

x==========x]
[2024-01-12 21:29:50,409: INFO: common: yaml file: config\config.yaml loaded successfully]
[2024-01-12 21:29:50,453: INFO: common: yaml file: params.yaml loaded successfully]
[2024-01-12 21:29:50,457: INFO: common: yaml file: schema.yaml loaded successfully]
[2024-01-12 21:29:50,458: INFO: common: created directory at: artifacts]
[2024-01-12 21:29:50,459: INFO: common: created directory at: artifacts/data_transformation]
[2024-01-12 22:50:22,719: INFO: common: yaml file: config\config.yaml loaded successfully]
[2024-01-12 22:50:22,720: INFO: common: yaml file: params.yaml loaded successfully]
[2024-01-12 22:50:22,723: INFO: common: yaml file: schema.yaml loaded successfully]
[2024-01-12 22:50:22,724: INFO: common: created directory at: artifacts]
[2024-01-12 22:50:22,725: INFO: common: created directory at: artifacts/data_transformation]
[2024-01-12 22:55:27,215: INFO: common: yaml file: config\config.yaml loaded successfully]
[2024-01-12 22:55:27,217: INFO: common: yaml file: params.yaml loaded successfully]
[2024-01-12 22:55:27,220: INFO: common: yaml file: schema.yaml loaded successfully]
[2024-01-12 22:55:27,221: INFO: common: created directory at: artifacts]
[2024-01-12 22:55:27,221: INFO: common: created directory at: artifacts/data_transformation]
[2024-01-12 22:57:14,096: INFO: common: yaml file: config\config.yaml loaded successfully]
[2024-01-12 22:57:14,097: INFO: common: yaml file: params.yaml loaded successfully]
[2024-01-12 22:57:14,101: INFO: common: yaml file: schema.yaml loaded successfully]
[2024-01-12 22:57:14,101: INFO: common: created directory at: artifacts]
[2024-01-12 22:57:14,102: INFO: common: created directory at: artifacts/data_transformation]
[2024-01-12 22:59:57,539: INFO: common: yaml file: config\config.yaml loaded successfully]
[2024-01-12 22:59:57,539: INFO: common: yaml file: params.yaml loaded successfully]
[2024-01-12 22:59:57,545: INFO: common: yaml file: schema.yaml loaded successfully]
[2024-01-12 22:59:57,545: INFO: common: created directory at: artifacts]
[2024-01-12 22:59:57,545: INFO: common: created directory at: artifacts/data_transformation]
[2024-01-12 23:00:30,344: INFO: common: yaml file: config\config.yaml loaded successfully]
[2024-01-12 23:00:30,346: INFO: common: yaml file: params.yaml loaded successfully]
[2024-01-12 23:00:30,349: INFO: common: yaml file: schema.yaml loaded successfully]
[2024-01-12 23:00:30,350: INFO: common: created directory at: artifacts]
[2024-01-12 23:00:30,351: INFO: common: created directory at: artifacts/data_transformation]
[2024-01-12 23:03:04,782: INFO: common: yaml file: config\config.yaml loaded successfully]
[2024-01-12 23:03:04,782: INFO: common: yaml file: params.yaml loaded successfully]
[2024-01-12 23:03:04,787: INFO: common: yaml file: schema.yaml loaded successfully]
[2024-01-12 23:03:04,787: INFO: common: created directory at: artifacts]
[2024-01-12 23:03:04,787: INFO: common: created directory at: artifacts/data_transformation]
[2024-01-12 23:04:33,344: INFO: common: yaml file: config\config.yaml loaded successfully]
[2024-01-12 23:04:33,346: INFO: common: yaml file: params.yaml loaded successfully]
[2024-01-12 23:04:33,348: INFO: common: yaml file: schema.yaml loaded successfully]
[2024-01-12 23:04:33,349: INFO: common: created directory at: artifacts]
[2024-01-12 23:04:33,350: INFO: common: created directory at: artifacts/data_transformation]
[2024-01-12 23:05:44,599: INFO: common: yaml file: config\config.yaml loaded successfully]
[2024-01-12 23:05:44,601: INFO: common: yaml file: params.yaml loaded successfully]
[2024-01-12 23:05:44,604: INFO: common: yaml file: schema.yaml loaded successfully]
[2024-01-12 23:05:44,605: INFO: common: created directory at: artifacts]
[2024-01-12 23:05:44,605: INFO: common: created directory at: artifacts/data_transformation]
[2024-01-12 23:06:24,645: INFO: common: yaml file: config\config.yaml loaded successfully]
[2024-01-12 23:06:24,646: INFO: common: yaml file: params.yaml loaded successfully]
[2024-01-12 23:06:24,651: INFO: common: yaml file: schema.yaml loaded successfully]
[2024-01-12 23:06:24,652: INFO: common: created directory at: artifacts]
[2024-01-12 23:06:24,652: INFO: common: created directory at: artifacts/data_transformation]
[2024-01-12 23:16:39,904: INFO: common: yaml file: config\config.yaml loaded successfully]
[2024-01-12 23:16:39,906: INFO: common: yaml file: params.yaml loaded successfully]
[2024-01-12 23:16:39,909: INFO: common: yaml file: schema.yaml loaded successfully]
[2024-01-12 23:16:39,910: INFO: common: created directory at: artifacts]
[2024-01-12 23:16:39,911: INFO: common: created directory at: artifacts/data_transformation]
[2024-01-13 11:58:50,574: INFO: common: yaml file: config\config.yaml loaded successfully]
[2024-01-13 11:58:50,581: INFO: common: yaml file: params.yaml loaded successfully]
[2024-01-13 11:58:50,586: INFO: common: yaml file: schema.yaml loaded successfully]
[2024-01-13 11:58:50,586: INFO: common: created directory at: artifacts]
[2024-01-13 11:58:50,592: INFO: common: created directory at: artifacts/data_transformation]
[2024-01-13 16:46:03,103: INFO: common: yaml file: config\config.yaml loaded successfully]
[2024-01-13 16:46:03,109: INFO: common: yaml file: params.yaml loaded successfully]
[2024-01-13 16:46:03,111: INFO: common: yaml file: schema.yaml loaded successfully]
[2024-01-13 16:46:03,111: INFO: common: created directory at: artifacts]
[2024-01-13 16:46:03,120: INFO: common: created directory at: artifacts/data_transformation]
[2024-01-13 16:46:03,749: INFO: 839230610: save preprocessor object to artifacts/data_transformation/preprocessor.joblib]
[2024-01-13 16:52:04,082: INFO: common: yaml file: config\config.yaml loaded successfully]
[2024-01-13 16:52:04,083: INFO: common: yaml file: params.yaml loaded successfully]
[2024-01-13 16:52:04,091: INFO: common: yaml file: schema.yaml loaded successfully]
[2024-01-13 16:52:04,091: INFO: common: created directory at: artifacts]
[2024-01-13 16:52:04,096: INFO: common: created directory at: artifacts/data_transformation]
[2024-01-13 16:52:04,692: INFO: 4217170276: save preprocessor object to artifacts/data_transformation]
[2024-01-13 16:53:22,520: INFO: common: yaml file: config\config.yaml loaded successfully]
[2024-01-13 16:53:22,524: INFO: common: yaml file: params.yaml loaded successfully]
[2024-01-13 16:53:22,527: INFO: common: yaml file: schema.yaml loaded successfully]
[2024-01-13 16:53:22,532: INFO: common: created directory at: artifacts]
[2024-01-13 16:53:22,532: INFO: common: created directory at: artifacts/data_transformation]
[2024-01-13 16:53:23,142: INFO: 4217170276: save preprocessor object to artifacts/data_transformation]
[2024-01-13 16:58:45,147: INFO: common: yaml file: config\config.yaml loaded successfully]
[2024-01-13 16:58:45,150: INFO: common: yaml file: params.yaml loaded successfully]
[2024-01-13 16:58:45,153: INFO: common: yaml file: schema.yaml loaded successfully]
[2024-01-13 16:58:45,158: INFO: common: created directory at: artifacts]
[2024-01-13 16:58:45,158: INFO: common: created directory at: artifacts/data_transformation]
[2024-01-13 16:58:45,751: INFO: 311359460: save preprocessor object to artifacts/data_transformation]
[2024-01-13 16:59:36,320: INFO: common: yaml file: config\config.yaml loaded successfully]
[2024-01-13 16:59:36,324: INFO: common: yaml file: params.yaml loaded successfully]
[2024-01-13 16:59:36,326: INFO: common: yaml file: schema.yaml loaded successfully]
[2024-01-13 16:59:36,326: INFO: common: created directory at: artifacts]
[2024-01-13 16:59:36,334: INFO: common: created directory at: artifacts/data_transformation]
[2024-01-13 16:59:36,960: INFO: 551391994: save preprocessor object to artifacts/data_transformation]
[2024-01-13 17:00:34,181: INFO: common: yaml file: config\config.yaml loaded successfully]
[2024-01-13 17:00:34,184: INFO: common: yaml file: params.yaml loaded successfully]
[2024-01-13 17:00:34,186: INFO: common: yaml file: schema.yaml loaded successfully]
[2024-01-13 17:00:34,193: INFO: common: created directory at: artifacts]
[2024-01-13 17:00:34,193: INFO: common: created directory at: artifacts/data_transformation]
[2024-01-13 17:00:34,786: INFO: 1867219812: save preprocessor object to artifacts/data_transformation]
[2024-01-13 17:03:07,178: INFO: common: yaml file: config\config.yaml loaded successfully]
[2024-01-13 17:03:07,186: INFO: common: yaml file: params.yaml loaded successfully]
[2024-01-13 17:03:07,193: INFO: common: yaml file: schema.yaml loaded successfully]
[2024-01-13 17:03:07,194: INFO: common: created directory at: artifacts]
[2024-01-13 17:03:07,194: INFO: common: created directory at: artifacts/data_transformation]
[2024-01-13 17:03:07,820: INFO: 1867219812: save preprocessor object to artifacts/data_transformation]
[2024-01-13 20:43:06,361: INFO: common: yaml file: config\config.yaml loaded successfully]
[2024-01-13 20:43:06,364: INFO: common: yaml file: params.yaml loaded successfully]
[2024-01-13 20:43:06,367: INFO: common: yaml file: schema.yaml loaded successfully]
[2024-01-13 20:43:06,367: INFO: common: created directory at: artifacts]
[2024-01-13 20:43:06,367: INFO: common: created directory at: artifacts/data_transformation]
[2024-01-13 20:43:06,659: INFO: 793293800: save preprocessor object to artifacts/data_transformation]
[2024-01-13 20:43:06,664: INFO: common: binary file saved at: artifacts/data_transformation\preprocessor.joblib]
[2024-01-13 20:43:06,664: INFO: 793293800: Preprocessed train and test data are saved ]
[2024-01-13 20:43:06,690: INFO: 793293800: train data shape : (10875, 342)]
[2024-01-13 20:43:06,691: INFO: 793293800: test data shape : (3626, 342)]
[2024-01-13 22:36:13,764: INFO: main: >>>>>> stage Data Validation stage started <<<<<<]
[2024-01-13 22:36:13,780: INFO: common: yaml file: config\config.yaml loaded successfully]
[2024-01-13 22:36:13,780: INFO: common: yaml file: params.yaml loaded successfully]
[2024-01-13 22:36:13,795: INFO: common: yaml file: schema.yaml loaded successfully]
[2024-01-13 22:36:13,795: INFO: common: created directory at: artifacts]
[2024-01-13 22:36:13,795: INFO: common: created directory at: artifacts/data_validation]
[2024-01-13 22:36:13,795: ERROR: main: [Errno 2] No such file or directory: 'artifacts/data_ingestion/nyc_taxi_data.csv']
Traceback (most recent call last):
  File "main.py", line 9, in <module>
    data_ingestion.main()
  File "D:\ML_Deployment\Automadata\src\pipeline\stage_02_data_validation.py", line 15, in main
    data_valid.validate_data_columns()
  File "D:\ML_Deployment\Automadata\src\components\data_validation.py", line 35, in validate_data_columns
    raise e
  File "D:\ML_Deployment\Automadata\src\components\data_validation.py", line 15, in validate_data_columns
    data = pd.read_csv(self.config.data_path)
  File "D:\ML_Deployment\Automadata\venv\lib\site-packages\pandas\io\parsers\readers.py", line 912, in read_csv
    return _read(filepath_or_buffer, kwds)
  File "D:\ML_Deployment\Automadata\venv\lib\site-packages\pandas\io\parsers\readers.py", line 577, in _read
    parser = TextFileReader(filepath_or_buffer, **kwds)
  File "D:\ML_Deployment\Automadata\venv\lib\site-packages\pandas\io\parsers\readers.py", line 1407, in __init__
    self._engine = self._make_engine(f, self.engine)
  File "D:\ML_Deployment\Automadata\venv\lib\site-packages\pandas\io\parsers\readers.py", line 1661, in _make_engine
    self.handles = get_handle(
  File "D:\ML_Deployment\Automadata\venv\lib\site-packages\pandas\io\common.py", line 859, in get_handle
    handle = open(
FileNotFoundError: [Errno 2] No such file or directory: 'artifacts/data_ingestion/nyc_taxi_data.csv'
[2024-01-13 22:36:53,090: INFO: main: >>>>>> stage Data Validation stage started <<<<<<]
[2024-01-13 22:36:53,090: INFO: common: yaml file: config\config.yaml loaded successfully]
[2024-01-13 22:36:53,090: INFO: common: yaml file: params.yaml loaded successfully]
[2024-01-13 22:36:53,090: INFO: common: yaml file: schema.yaml loaded successfully]
[2024-01-13 22:36:53,090: INFO: common: created directory at: artifacts]
[2024-01-13 22:36:53,090: INFO: common: created directory at: artifacts/data_validation]
[2024-01-13 22:36:53,104: ERROR: main: [Errno 2] No such file or directory: 'artifacts/data_ingestion/nyc_taxi_data.csv']
Traceback (most recent call last):
  File "main.py", line 9, in <module>
    data_ingestion.main()
  File "D:\ML_Deployment\Automadata\src\pipeline\stage_02_data_validation.py", line 15, in main
    data_valid.validate_data_columns()
  File "D:\ML_Deployment\Automadata\src\components\data_validation.py", line 35, in validate_data_columns
    raise e
  File "D:\ML_Deployment\Automadata\src\components\data_validation.py", line 15, in validate_data_columns
    data = pd.read_csv(self.config.data_path)
  File "D:\ML_Deployment\Automadata\venv\lib\site-packages\pandas\io\parsers\readers.py", line 912, in read_csv
    return _read(filepath_or_buffer, kwds)
  File "D:\ML_Deployment\Automadata\venv\lib\site-packages\pandas\io\parsers\readers.py", line 577, in _read
    parser = TextFileReader(filepath_or_buffer, **kwds)
  File "D:\ML_Deployment\Automadata\venv\lib\site-packages\pandas\io\parsers\readers.py", line 1407, in __init__
    self._engine = self._make_engine(f, self.engine)
  File "D:\ML_Deployment\Automadata\venv\lib\site-packages\pandas\io\parsers\readers.py", line 1661, in _make_engine
    self.handles = get_handle(
  File "D:\ML_Deployment\Automadata\venv\lib\site-packages\pandas\io\common.py", line 859, in get_handle
    handle = open(
FileNotFoundError: [Errno 2] No such file or directory: 'artifacts/data_ingestion/nyc_taxi_data.csv'
[2024-01-13 22:37:56,850: INFO: common: yaml file: config\config.yaml loaded successfully]
[2024-01-13 22:37:56,852: INFO: common: yaml file: params.yaml loaded successfully]
[2024-01-13 22:37:56,855: INFO: common: yaml file: schema.yaml loaded successfully]
[2024-01-13 22:37:56,856: INFO: common: created directory at: artifacts]
[2024-01-13 22:37:56,857: INFO: common: created directory at: artifacts/data_ingestion]
[2024-01-13 22:37:56,857: INFO: 3285830496: Exporting data from mongodb]
[2024-01-13 22:38:05,619: INFO: 3285830496: Saving exported data into feature store file path: artifacts/data_ingestion]
[2024-01-13 22:44:42,248: INFO: main: >>>>>> stage Data Ingestion stage started <<<<<<]
[2024-01-13 22:44:42,248: INFO: common: yaml file: config\config.yaml loaded successfully]
[2024-01-13 22:44:42,248: INFO: common: yaml file: params.yaml loaded successfully]
[2024-01-13 22:44:42,248: INFO: common: yaml file: schema.yaml loaded successfully]
[2024-01-13 22:44:42,248: INFO: common: created directory at: artifacts]
[2024-01-13 22:44:42,248: INFO: common: created directory at: artifacts/data_ingestion]
[2024-01-13 22:44:42,248: INFO: data_ingestion: Exporting data from mongodb]
[2024-01-13 22:44:51,002: INFO: data_ingestion: Saving exported data into feature store file path: artifacts/data_ingestion]
[2024-01-13 22:44:51,002: ERROR: main: [Errno 13] Permission denied: 'artifacts/data_ingestion\\nyc_taxi_data.csv']
Traceback (most recent call last):
  File "main.py", line 11, in <module>
    data_ingestion.main()
  File "D:\ML_Deployment\Automadata\src\pipeline\stage_01_data_ingestion.py", line 16, in main
    data_ingestion.export_data_into_feature_store_file_path()
  File "D:\ML_Deployment\Automadata\src\components\data_ingestion.py", line 85, in export_data_into_feature_store_file_path
    raise e
  File "D:\ML_Deployment\Automadata\src\components\data_ingestion.py", line 78, in export_data_into_feature_store_file_path
    taxi_data.to_csv(feature_store_file_path,index=False)
  File "D:\ML_Deployment\Automadata\venv\lib\site-packages\pandas\core\generic.py", line 3772, in to_csv
    return DataFrameRenderer(formatter).to_csv(
  File "D:\ML_Deployment\Automadata\venv\lib\site-packages\pandas\io\formats\format.py", line 1186, in to_csv
    csv_formatter.save()
  File "D:\ML_Deployment\Automadata\venv\lib\site-packages\pandas\io\formats\csvs.py", line 240, in save
    with get_handle(
  File "D:\ML_Deployment\Automadata\venv\lib\site-packages\pandas\io\common.py", line 859, in get_handle
    handle = open(
PermissionError: [Errno 13] Permission denied: 'artifacts/data_ingestion\\nyc_taxi_data.csv'
[2024-01-13 22:46:56,705: INFO: main: >>>>>> stage Data Ingestion stage started <<<<<<]
[2024-01-13 22:46:56,705: INFO: common: yaml file: config\config.yaml loaded successfully]
[2024-01-13 22:46:56,705: INFO: common: yaml file: params.yaml loaded successfully]
[2024-01-13 22:46:56,721: INFO: common: yaml file: schema.yaml loaded successfully]
[2024-01-13 22:46:56,721: INFO: common: created directory at: artifacts]
[2024-01-13 22:46:56,721: INFO: common: created directory at: artifacts/data_ingestion]
[2024-01-13 22:46:56,721: INFO: data_ingestion: Exporting data from mongodb]
[2024-01-13 22:47:06,450: INFO: data_ingestion: Saving exported data into feature store file path: artifacts/data_ingestion]
[2024-01-13 22:47:06,450: ERROR: main: [Errno 13] Permission denied: 'artifacts/data_ingestion\\nyc_taxi_data.csv']
Traceback (most recent call last):
  File "main.py", line 11, in <module>
    data_ingestion.main()
  File "D:\ML_Deployment\Automadata\src\pipeline\stage_01_data_ingestion.py", line 16, in main
    data_ingestion.export_data_into_feature_store_file_path()
  File "D:\ML_Deployment\Automadata\src\components\data_ingestion.py", line 85, in export_data_into_feature_store_file_path
    raise e
  File "D:\ML_Deployment\Automadata\src\components\data_ingestion.py", line 78, in export_data_into_feature_store_file_path
    taxi_data.to_csv(feature_store_file_path,index=False)
  File "D:\ML_Deployment\Automadata\venv\lib\site-packages\pandas\core\generic.py", line 3772, in to_csv
    return DataFrameRenderer(formatter).to_csv(
  File "D:\ML_Deployment\Automadata\venv\lib\site-packages\pandas\io\formats\format.py", line 1186, in to_csv
    csv_formatter.save()
  File "D:\ML_Deployment\Automadata\venv\lib\site-packages\pandas\io\formats\csvs.py", line 240, in save
    with get_handle(
  File "D:\ML_Deployment\Automadata\venv\lib\site-packages\pandas\io\common.py", line 859, in get_handle
    handle = open(
PermissionError: [Errno 13] Permission denied: 'artifacts/data_ingestion\\nyc_taxi_data.csv'
[2024-01-13 22:52:37,464: INFO: main: >>>>>> stage Data Ingestion stage started <<<<<<]
[2024-01-13 22:52:37,464: INFO: common: yaml file: config\config.yaml loaded successfully]
[2024-01-13 22:52:37,464: INFO: common: yaml file: params.yaml loaded successfully]
[2024-01-13 22:52:37,464: INFO: common: yaml file: schema.yaml loaded successfully]
[2024-01-13 22:52:37,464: INFO: common: created directory at: artifacts]
[2024-01-13 22:52:37,464: INFO: common: created directory at: artifacts/data_ingestion]
[2024-01-13 22:52:37,464: INFO: data_ingestion: Exporting data from mongodb]
[2024-01-13 22:52:47,336: INFO: data_ingestion: Saving exported data into feature store file path: artifacts/data_ingestion]
[2024-01-13 22:52:47,336: ERROR: main: [Errno 13] Permission denied: 'artifacts/data_ingestion\\nyc_taxi_data.csv']
Traceback (most recent call last):
  File "main.py", line 11, in <module>
    data_ingestion.main()
  File "D:\ML_Deployment\Automadata\src\pipeline\stage_01_data_ingestion.py", line 16, in main
    data_ingestion.export_data_into_feature_store_file_path()
  File "D:\ML_Deployment\Automadata\src\components\data_ingestion.py", line 85, in export_data_into_feature_store_file_path
    raise e
  File "D:\ML_Deployment\Automadata\src\components\data_ingestion.py", line 78, in export_data_into_feature_store_file_path
    taxi_data.to_csv(feature_store_file_path,index=False, index_label=False)
  File "D:\ML_Deployment\Automadata\venv\lib\site-packages\pandas\core\generic.py", line 3772, in to_csv
    return DataFrameRenderer(formatter).to_csv(
  File "D:\ML_Deployment\Automadata\venv\lib\site-packages\pandas\io\formats\format.py", line 1186, in to_csv
    csv_formatter.save()
  File "D:\ML_Deployment\Automadata\venv\lib\site-packages\pandas\io\formats\csvs.py", line 240, in save
    with get_handle(
  File "D:\ML_Deployment\Automadata\venv\lib\site-packages\pandas\io\common.py", line 859, in get_handle
    handle = open(
PermissionError: [Errno 13] Permission denied: 'artifacts/data_ingestion\\nyc_taxi_data.csv'
[2024-01-13 22:53:29,942: INFO: main: >>>>>> stage Data Ingestion stage started <<<<<<]
[2024-01-13 22:53:29,942: INFO: common: yaml file: config\config.yaml loaded successfully]
[2024-01-13 22:53:29,942: INFO: common: yaml file: params.yaml loaded successfully]
[2024-01-13 22:53:29,942: INFO: common: yaml file: schema.yaml loaded successfully]
[2024-01-13 22:53:29,942: INFO: common: created directory at: artifacts]
[2024-01-13 22:53:29,942: INFO: common: created directory at: artifacts/data_ingestion]
[2024-01-13 22:53:29,942: INFO: data_ingestion: Exporting data from mongodb]
[2024-01-13 22:53:38,160: INFO: data_ingestion: Saving exported data into feature store file path: artifacts/data_ingestion]
[2024-01-13 22:53:38,160: ERROR: main: [Errno 13] Permission denied: 'artifacts/data_ingestion\\nyc_taxi_data.csv']
Traceback (most recent call last):
  File "main.py", line 11, in <module>
    data_ingestion.main()
  File "D:\ML_Deployment\Automadata\src\pipeline\stage_01_data_ingestion.py", line 16, in main
    data_ingestion.export_data_into_feature_store_file_path()
  File "D:\ML_Deployment\Automadata\src\components\data_ingestion.py", line 85, in export_data_into_feature_store_file_path
    raise e
  File "D:\ML_Deployment\Automadata\src\components\data_ingestion.py", line 78, in export_data_into_feature_store_file_path
    taxi_data.to_csv(feature_store_file_path,index=False, index_label=False)
  File "D:\ML_Deployment\Automadata\venv\lib\site-packages\pandas\core\generic.py", line 3772, in to_csv
    return DataFrameRenderer(formatter).to_csv(
  File "D:\ML_Deployment\Automadata\venv\lib\site-packages\pandas\io\formats\format.py", line 1186, in to_csv
    csv_formatter.save()
  File "D:\ML_Deployment\Automadata\venv\lib\site-packages\pandas\io\formats\csvs.py", line 240, in save
    with get_handle(
  File "D:\ML_Deployment\Automadata\venv\lib\site-packages\pandas\io\common.py", line 859, in get_handle
    handle = open(
PermissionError: [Errno 13] Permission denied: 'artifacts/data_ingestion\\nyc_taxi_data.csv'
[2024-01-13 22:57:14,642: INFO: main: >>>>>> stage Data Ingestion stage started <<<<<<]
[2024-01-13 22:57:14,644: INFO: common: yaml file: config\config.yaml loaded successfully]
[2024-01-13 22:57:14,645: INFO: common: yaml file: params.yaml loaded successfully]
[2024-01-13 22:57:14,647: INFO: common: yaml file: schema.yaml loaded successfully]
[2024-01-13 22:57:14,647: INFO: common: created directory at: artifacts]
[2024-01-13 22:57:14,648: INFO: common: created directory at: artifacts/data_ingestion]
[2024-01-13 22:57:14,648: INFO: data_ingestion: Exporting data from mongodb]
[2024-01-13 22:57:23,496: INFO: data_ingestion: Saving exported data into feature store file path: artifacts/data_ingestion]
[2024-01-13 22:57:23,612: INFO: main: >>>>>> stage Data Ingestion stage completed <<<<<<

x==========x]
[2024-01-13 22:57:41,466: INFO: main: >>>>>> stage Data Ingestion stage started <<<<<<]
[2024-01-13 22:57:41,469: INFO: common: yaml file: config\config.yaml loaded successfully]
[2024-01-13 22:57:41,469: INFO: common: yaml file: params.yaml loaded successfully]
[2024-01-13 22:57:41,471: INFO: common: yaml file: schema.yaml loaded successfully]
[2024-01-13 22:57:41,472: INFO: common: created directory at: artifacts]
[2024-01-13 22:57:41,472: INFO: common: created directory at: artifacts/data_ingestion]
[2024-01-13 22:57:41,472: INFO: data_ingestion: Exporting data from mongodb]
[2024-01-13 22:57:49,626: INFO: data_ingestion: Saving exported data into feature store file path: artifacts/data_ingestion]
[2024-01-13 22:57:49,730: INFO: main: >>>>>> stage Data Ingestion stage completed <<<<<<

x==========x]
[2024-01-13 22:58:28,040: INFO: main: >>>>>> stage Data Ingestion stage started <<<<<<]
[2024-01-13 22:58:28,042: INFO: common: yaml file: config\config.yaml loaded successfully]
[2024-01-13 22:58:28,043: INFO: common: yaml file: params.yaml loaded successfully]
[2024-01-13 22:58:28,045: INFO: common: yaml file: schema.yaml loaded successfully]
[2024-01-13 22:58:28,046: INFO: common: created directory at: artifacts]
[2024-01-13 22:58:28,046: INFO: common: created directory at: artifacts/data_ingestion]
[2024-01-13 22:58:28,046: INFO: data_ingestion: Exporting data from mongodb]
[2024-01-13 22:58:38,098: INFO: data_ingestion: Saving exported data into feature store file path: artifacts/data_ingestion]
[2024-01-13 22:58:38,246: INFO: main: >>>>>> stage Data Ingestion stage completed <<<<<<

x==========x]
[2024-01-13 22:59:26,599: INFO: main: >>>>>> stage Data Ingestion stage started <<<<<<]
[2024-01-13 22:59:26,602: INFO: common: yaml file: config\config.yaml loaded successfully]
[2024-01-13 22:59:26,603: INFO: common: yaml file: params.yaml loaded successfully]
[2024-01-13 22:59:26,605: INFO: common: yaml file: schema.yaml loaded successfully]
[2024-01-13 22:59:26,605: INFO: common: created directory at: artifacts]
[2024-01-13 22:59:26,605: INFO: common: created directory at: artifacts/data_ingestion]
[2024-01-13 22:59:26,606: INFO: data_ingestion: Exporting data from mongodb]
[2024-01-13 22:59:35,409: INFO: data_ingestion: Saving exported data into feature store file path: artifacts/data_ingestion]
[2024-01-13 22:59:35,531: INFO: main: >>>>>> stage Data Ingestion stage completed <<<<<<

x==========x]
[2024-01-13 22:59:35,531: INFO: main: >>>>>> stage Data Validation stage started <<<<<<]
[2024-01-13 22:59:35,531: INFO: common: yaml file: config\config.yaml loaded successfully]
[2024-01-13 22:59:35,531: INFO: common: yaml file: params.yaml loaded successfully]
[2024-01-13 22:59:35,531: INFO: common: yaml file: schema.yaml loaded successfully]
[2024-01-13 22:59:35,531: INFO: common: created directory at: artifacts]
[2024-01-13 22:59:35,531: INFO: common: created directory at: artifacts/data_validation]
[2024-01-13 22:59:35,594: INFO: main: >>>>>> stage Data Validation stage completed <<<<<<

x==========x]
[2024-01-13 22:59:35,595: INFO: main: >>>>>> stage Data Transformation stage started <<<<<<]
[2024-01-13 22:59:35,597: INFO: common: yaml file: config\config.yaml loaded successfully]
[2024-01-13 22:59:35,598: INFO: common: yaml file: params.yaml loaded successfully]
[2024-01-13 22:59:35,599: INFO: common: yaml file: schema.yaml loaded successfully]
[2024-01-13 22:59:35,599: INFO: common: created directory at: artifacts]
[2024-01-13 22:59:35,599: INFO: common: created directory at: artifacts/data_transformation]
[2024-01-13 22:59:35,866: INFO: data_transformation: save preprocessor object to artifacts/data_transformation]
[2024-01-13 22:59:35,878: INFO: common: binary file saved at: artifacts/data_transformation\preprocessor.joblib]
[2024-01-13 22:59:35,892: INFO: data_transformation: Preprocessed train and test data are saved ]
[2024-01-13 22:59:35,892: INFO: data_transformation: train data shape : (10875, 342)]
[2024-01-13 22:59:35,892: INFO: data_transformation: test data shape : (3626, 342)]
[2024-01-13 22:59:35,902: INFO: main: >>>>>> stage Data Transformation stage completed <<<<<<

x==========x]
[2024-01-14 11:14:11,050: INFO: common: yaml file: config\config.yaml loaded successfully]
[2024-01-14 11:19:04,394: INFO: common: yaml file: config\config.yaml loaded successfully]
[2024-01-14 11:23:08,179: INFO: common: yaml file: config\config.yaml loaded successfully]
[2024-01-14 11:23:08,185: INFO: common: yaml file: params\params.yaml loaded successfully]
[2024-01-14 11:23:08,193: INFO: common: yaml file: schema.yaml loaded successfully]
[2024-01-14 11:23:08,194: INFO: common: created directory at: artifacts]
[2024-01-14 11:23:08,195: INFO: common: created directory at: artifacts/model_trainer]
[2024-01-14 11:26:59,183: INFO: common: yaml file: config\config.yaml loaded successfully]
[2024-01-14 11:26:59,187: INFO: common: yaml file: params\params.yaml loaded successfully]
[2024-01-14 11:26:59,187: INFO: common: yaml file: schema.yaml loaded successfully]
[2024-01-14 11:26:59,194: INFO: common: created directory at: artifacts]
[2024-01-14 11:26:59,195: INFO: common: created directory at: artifacts/model_trainer]
[2024-01-14 11:55:08,865: INFO: common: yaml file: config\config.yaml loaded successfully]
[2024-01-14 11:55:08,867: INFO: common: yaml file: params\params.yaml loaded successfully]
[2024-01-14 11:55:08,872: INFO: common: yaml file: schema.yaml loaded successfully]
[2024-01-14 11:55:08,873: INFO: common: created directory at: artifacts]
[2024-01-14 11:55:08,874: INFO: common: created directory at: artifacts/model_trainer]
[2024-01-14 11:55:49,574: INFO: common: yaml file: config\config.yaml loaded successfully]
[2024-01-14 11:55:49,578: INFO: common: yaml file: params\params.yaml loaded successfully]
[2024-01-14 11:55:49,582: INFO: common: yaml file: schema.yaml loaded successfully]
[2024-01-14 11:55:49,582: INFO: common: created directory at: artifacts]
[2024-01-14 11:55:49,583: INFO: common: created directory at: artifacts/model_trainer]
[2024-01-14 19:32:34,568: INFO: common: yaml file: config\config.yaml loaded successfully]
[2024-01-14 19:32:34,574: INFO: common: yaml file: params\params.yaml loaded successfully]
[2024-01-14 19:32:34,588: INFO: common: yaml file: schema.yaml loaded successfully]
[2024-01-14 19:32:34,589: INFO: common: created directory at: artifacts]
[2024-01-14 19:53:31,882: INFO: common: yaml file: config\config.yaml loaded successfully]
[2024-01-14 19:53:31,886: INFO: common: yaml file: params\params.yaml loaded successfully]
[2024-01-14 19:53:31,890: INFO: common: yaml file: schema.yaml loaded successfully]
[2024-01-14 19:53:31,890: INFO: common: created directory at: artifacts]
[2024-01-14 20:01:53,093: INFO: common: yaml file: config\config.yaml loaded successfully]
[2024-01-14 20:01:53,099: INFO: common: yaml file: params\params.yaml loaded successfully]
[2024-01-14 20:01:53,099: INFO: common: yaml file: schema.yaml loaded successfully]
[2024-01-14 20:01:53,099: INFO: common: created directory at: artifacts]
[2024-01-14 20:01:53,106: INFO: common: created directory at: artifacts/model_trainer]
[2024-01-14 20:04:29,237: INFO: common: yaml file: config\config.yaml loaded successfully]
[2024-01-14 20:04:29,241: INFO: common: yaml file: params\params.yaml loaded successfully]
[2024-01-14 20:04:29,244: INFO: common: yaml file: schema.yaml loaded successfully]
[2024-01-14 20:04:29,244: INFO: common: created directory at: artifacts]
[2024-01-14 20:04:29,244: INFO: common: created directory at: artifacts/model_trainer]
[2024-01-15 10:35:11,342: INFO: common: yaml file: config\config.yaml loaded successfully]
[2024-01-15 10:35:11,395: INFO: common: yaml file: params\params.yaml loaded successfully]
[2024-01-15 10:35:11,421: INFO: common: yaml file: schema.yaml loaded successfully]
[2024-01-15 10:35:11,424: INFO: common: created directory at: artifacts]
[2024-01-15 10:36:52,811: INFO: common: yaml file: config\config.yaml loaded successfully]
[2024-01-15 10:36:52,820: INFO: common: yaml file: params\params.yaml loaded successfully]
[2024-01-15 10:36:52,830: INFO: common: yaml file: schema.yaml loaded successfully]
[2024-01-15 10:36:52,830: INFO: common: created directory at: artifacts]
[2024-01-15 10:36:52,830: INFO: common: created directory at: artifacts/model_trainer]
[2024-01-15 10:39:13,791: INFO: common: yaml file: config\config.yaml loaded successfully]
[2024-01-15 10:39:13,799: INFO: common: yaml file: params\params.yaml loaded successfully]
[2024-01-15 10:39:13,807: INFO: common: yaml file: schema.yaml loaded successfully]
[2024-01-15 10:39:13,807: INFO: common: created directory at: artifacts]
[2024-01-15 10:39:13,807: INFO: common: created directory at: artifacts/model_trainer]
[2024-01-15 10:39:34,298: INFO: common: yaml file: config\config.yaml loaded successfully]
[2024-01-15 10:39:34,306: INFO: common: yaml file: params\params.yaml loaded successfully]
[2024-01-15 10:39:34,314: INFO: common: yaml file: schema.yaml loaded successfully]
[2024-01-15 10:39:34,316: INFO: common: created directory at: artifacts]
[2024-01-15 10:39:34,316: INFO: common: created directory at: artifacts/model_trainer]
[2024-01-15 10:42:00,952: INFO: common: yaml file: config\config.yaml loaded successfully]
[2024-01-15 10:42:00,957: INFO: common: yaml file: params\params.yaml loaded successfully]
[2024-01-15 10:42:00,967: INFO: common: yaml file: schema.yaml loaded successfully]
[2024-01-15 10:42:00,967: INFO: common: created directory at: artifacts]
[2024-01-15 10:42:00,973: INFO: common: created directory at: artifacts/model_trainer]
[2024-01-15 10:42:21,411: INFO: common: yaml file: config\config.yaml loaded successfully]
[2024-01-15 10:42:21,417: INFO: common: yaml file: params\params.yaml loaded successfully]
[2024-01-15 10:42:21,428: INFO: common: yaml file: schema.yaml loaded successfully]
[2024-01-15 10:42:21,431: INFO: common: created directory at: artifacts]
[2024-01-15 10:42:21,431: INFO: common: created directory at: artifacts/model_trainer]
[2024-01-15 10:43:55,388: INFO: common: yaml file: config\config.yaml loaded successfully]
[2024-01-15 10:43:55,408: INFO: common: yaml file: params\params.yaml loaded successfully]
[2024-01-15 10:43:55,416: INFO: common: yaml file: schema.yaml loaded successfully]
[2024-01-15 10:43:55,416: INFO: common: created directory at: artifacts]
[2024-01-15 10:43:55,424: INFO: common: created directory at: artifacts/model_trainer]
[2024-01-15 10:44:59,874: INFO: common: yaml file: config\config.yaml loaded successfully]
[2024-01-15 10:44:59,882: INFO: common: yaml file: params\params.yaml loaded successfully]
[2024-01-15 10:44:59,892: INFO: common: yaml file: schema.yaml loaded successfully]
[2024-01-15 10:44:59,892: INFO: common: created directory at: artifacts]
[2024-01-15 10:44:59,892: INFO: common: created directory at: artifacts/model_trainer]
[2024-01-15 10:47:44,947: INFO: common: yaml file: config\config.yaml loaded successfully]
[2024-01-15 10:47:44,950: INFO: common: yaml file: params\params.yaml loaded successfully]
[2024-01-15 10:47:44,960: INFO: common: yaml file: schema.yaml loaded successfully]
[2024-01-15 10:47:44,966: INFO: common: created directory at: artifacts]
[2024-01-15 10:47:44,966: INFO: common: created directory at: artifacts/model_trainer]
[2024-01-15 10:48:43,507: INFO: common: yaml file: config\config.yaml loaded successfully]
[2024-01-15 10:48:43,517: INFO: common: yaml file: params\params.yaml loaded successfully]
[2024-01-15 10:48:43,525: INFO: common: yaml file: schema.yaml loaded successfully]
[2024-01-15 10:48:43,525: INFO: common: created directory at: artifacts]
[2024-01-15 10:48:43,525: INFO: common: created directory at: artifacts/model_trainer]
[2024-01-15 10:48:49,310: INFO: common: yaml file: config\config.yaml loaded successfully]
[2024-01-15 10:48:49,319: INFO: common: yaml file: params\params.yaml loaded successfully]
[2024-01-15 10:48:49,327: INFO: common: yaml file: schema.yaml loaded successfully]
[2024-01-15 10:48:49,327: INFO: common: created directory at: artifacts]
[2024-01-15 10:48:49,335: INFO: common: created directory at: artifacts/model_trainer]
[2024-01-15 11:09:24,998: INFO: common: yaml file: config\config.yaml loaded successfully]
[2024-01-15 11:09:25,007: INFO: common: yaml file: params\params.yaml loaded successfully]
[2024-01-15 11:09:25,011: INFO: common: yaml file: schema.yaml loaded successfully]
[2024-01-15 11:09:25,011: INFO: common: created directory at: artifacts]
[2024-01-15 11:09:47,118: INFO: common: yaml file: config\config.yaml loaded successfully]
[2024-01-15 11:09:47,121: INFO: common: yaml file: params\params.yaml loaded successfully]
[2024-01-15 11:09:47,125: INFO: common: yaml file: schema.yaml loaded successfully]
[2024-01-15 11:09:47,126: INFO: common: created directory at: artifacts]
[2024-01-15 11:09:47,126: INFO: common: created directory at: artifacts/model_trainer]
[2024-01-15 11:11:50,812: INFO: common: yaml file: config\config.yaml loaded successfully]
[2024-01-15 11:11:50,816: INFO: common: yaml file: params\params.yaml loaded successfully]
[2024-01-15 11:11:50,820: INFO: common: yaml file: schema.yaml loaded successfully]
[2024-01-15 11:11:50,821: INFO: common: created directory at: artifacts]
[2024-01-15 11:11:50,821: INFO: common: created directory at: artifacts/model_trainer]
[2024-01-15 11:12:29,557: INFO: common: yaml file: config\config.yaml loaded successfully]
[2024-01-15 11:12:29,561: INFO: common: yaml file: params\params.yaml loaded successfully]
[2024-01-15 11:12:29,563: INFO: common: yaml file: schema.yaml loaded successfully]
[2024-01-15 11:12:29,564: INFO: common: created directory at: artifacts]
[2024-01-15 11:12:29,566: INFO: common: created directory at: artifacts/model_trainer]
[2024-01-15 11:33:25,821: INFO: common: yaml file: config\config.yaml loaded successfully]
[2024-01-15 11:34:52,773: INFO: common: yaml file: config\config.yaml loaded successfully]
[2024-01-15 11:34:52,782: INFO: common: yaml file: params\params.yaml loaded successfully]
[2024-01-15 11:34:52,782: INFO: common: yaml file: schema.yaml loaded successfully]
[2024-01-15 11:34:52,786: INFO: common: created directory at: artifacts]
[2024-01-15 11:34:52,787: INFO: common: created directory at: artifacts/model_trainer]
[2024-01-15 11:36:17,600: INFO: common: yaml file: config\config.yaml loaded successfully]
[2024-01-15 11:36:17,603: INFO: common: yaml file: params\params.yaml loaded successfully]
[2024-01-15 11:36:17,607: INFO: common: yaml file: schema.yaml loaded successfully]
[2024-01-15 11:36:17,608: INFO: common: created directory at: artifacts]
[2024-01-15 11:36:17,609: INFO: common: created directory at: artifacts/model_trainer]
[2024-01-15 11:43:24,438: INFO: common: yaml file: config\config.yaml loaded successfully]
[2024-01-15 11:43:24,441: INFO: common: yaml file: params\params.yaml loaded successfully]
[2024-01-15 11:43:24,445: INFO: common: yaml file: schema.yaml loaded successfully]
[2024-01-15 11:43:24,446: INFO: common: created directory at: artifacts]
[2024-01-15 11:43:24,446: INFO: common: created directory at: artifacts/model_trainer]
[2024-01-15 12:18:04,608: INFO: main: >>>>>> Data Ingestion stage started <<<<<<]
[2024-01-15 12:18:04,608: INFO: common: yaml file: config\config.yaml loaded successfully]
[2024-01-15 12:18:04,608: INFO: common: yaml file: params\params.yaml loaded successfully]
[2024-01-15 12:18:04,608: INFO: common: yaml file: schema.yaml loaded successfully]
[2024-01-15 12:18:04,608: INFO: common: created directory at: artifacts]
[2024-01-15 12:18:04,608: INFO: common: created directory at: artifacts/data_ingestion]
[2024-01-15 12:18:04,608: INFO: data_ingestion: Exporting data from mongodb]
[2024-01-15 12:18:09,075: INFO: data_ingestion: Saving exported data into feature store file path: artifacts/data_ingestion]
[2024-01-15 12:18:09,182: INFO: main: >>>>>> Data Ingestion stage completed <<<<<<

x==========x]
[2024-01-15 12:18:09,182: INFO: main: >>>>>> Data Validation stage started <<<<<<]
[2024-01-15 12:18:09,182: INFO: common: yaml file: config\config.yaml loaded successfully]
[2024-01-15 12:18:09,182: INFO: common: yaml file: params\params.yaml loaded successfully]
[2024-01-15 12:18:09,194: INFO: common: yaml file: schema.yaml loaded successfully]
[2024-01-15 12:18:09,194: INFO: common: created directory at: artifacts]
[2024-01-15 12:18:09,194: INFO: common: created directory at: artifacts/data_validation]
[2024-01-15 12:18:09,234: INFO: main: >>>>>> stage Data Validation stage completed <<<<<<

x==========x]
[2024-01-15 12:18:09,235: INFO: main: >>>>>> Data Transformation stage started <<<<<<]
[2024-01-15 12:18:09,235: INFO: common: yaml file: config\config.yaml loaded successfully]
[2024-01-15 12:18:09,235: INFO: common: yaml file: params\params.yaml loaded successfully]
[2024-01-15 12:18:09,235: INFO: common: yaml file: schema.yaml loaded successfully]
[2024-01-15 12:18:09,235: INFO: common: created directory at: artifacts]
[2024-01-15 12:18:09,235: INFO: common: created directory at: artifacts/data_transformation]
[2024-01-15 12:18:09,500: INFO: data_transformation: save preprocessor object to artifacts/data_transformation]
[2024-01-15 12:18:09,516: INFO: common: binary file saved at: artifacts/data_transformation\preprocessor.joblib]
[2024-01-15 12:18:09,535: INFO: data_transformation: Preprocessed train and test data are saved ]
[2024-01-15 12:18:09,536: INFO: data_transformation: train data shape : (10875, 342)]
[2024-01-15 12:18:09,536: INFO: data_transformation: test data shape : (3626, 342)]
[2024-01-15 12:18:09,536: INFO: main: >>>>>> Data Transformation stage completed <<<<<<

x==========x]
[2024-01-15 12:18:09,542: INFO: main: >>>>>> Model Trainer stage started <<<<<<]
[2024-01-15 12:18:09,543: INFO: common: yaml file: config\config.yaml loaded successfully]
[2024-01-15 12:18:09,543: INFO: common: yaml file: params\params.yaml loaded successfully]
[2024-01-15 12:18:09,543: INFO: common: yaml file: schema.yaml loaded successfully]
[2024-01-15 12:18:09,543: INFO: common: created directory at: artifacts]
[2024-01-15 12:18:09,543: INFO: common: created directory at: artifacts/model_trainer]
[2024-01-15 12:22:53,454: INFO: common: binary file saved at: artifacts/model_trainer\model.joblib]
[2024-01-15 12:22:53,455: INFO: main: >>>>>> stage Model Trainer stage completed <<<<<<

x==========x]
[2024-01-15 16:32:49,381: INFO: common: yaml file: config\config.yaml loaded successfully]
[2024-01-15 16:32:49,438: INFO: common: created directory at: artifacts]
[2024-01-15 16:32:49,438: INFO: common: created directory at: artifacts]
[2024-01-15 16:39:29,332: INFO: common: yaml file: config\config.yaml loaded successfully]
[2024-01-15 16:39:29,334: INFO: common: created directory at: artifacts]
[2024-01-15 16:39:29,336: INFO: common: created directory at: artifacts]
[2024-01-15 16:42:13,636: INFO: common: yaml file: config\config.yaml loaded successfully]
[2024-01-15 16:42:13,638: INFO: common: created directory at: artifacts]
[2024-01-15 16:42:13,640: INFO: common: created directory at: artifacts]
[2024-01-15 16:48:23,234: INFO: common: yaml file: config\config.yaml loaded successfully]
[2024-01-15 16:48:23,237: INFO: common: created directory at: artifacts]
[2024-01-15 16:48:23,238: INFO: common: created directory at: artifacts]
[2024-01-15 16:48:59,725: INFO: common: yaml file: config\config.yaml loaded successfully]
[2024-01-15 16:48:59,728: INFO: common: created directory at: artifacts]
[2024-01-15 16:48:59,729: INFO: common: created directory at: artifacts]
[2024-01-15 16:50:18,071: INFO: common: yaml file: config\config.yaml loaded successfully]
[2024-01-15 16:50:18,075: INFO: common: created directory at: artifacts]
[2024-01-15 16:54:12,752: INFO: common: yaml file: config\config.yaml loaded successfully]
[2024-01-15 16:54:12,756: INFO: common: created directory at: artifacts]
[2024-01-15 16:55:33,150: INFO: common: yaml file: config\config.yaml loaded successfully]
[2024-01-15 16:55:33,152: INFO: common: created directory at: artifacts]
[2024-01-15 16:55:33,155: INFO: common: created directory at: artifacts/model_evaluation]
[2024-01-15 16:55:34,925: INFO: common: json file saved at: artifacts\model_evaluation\metrics.json]
[2024-01-15 17:37:18,882: INFO: main: >>>>>> Model Evaluation started <<<<<<]
[2024-01-15 17:37:18,882: INFO: common: yaml file: config\config.yaml loaded successfully]
[2024-01-15 17:37:18,882: INFO: common: yaml file: params\params.yaml loaded successfully]
[2024-01-15 17:37:18,897: INFO: common: yaml file: schema.yaml loaded successfully]
[2024-01-15 17:37:18,897: INFO: common: created directory at: artifacts]
[2024-01-15 17:37:18,897: ERROR: main: "'ConfigBox' object has no attribute 'xgboost'"]
Traceback (most recent call last):
  File "box\box.py", line 503, in box.box.Box.__getitem__
KeyError: 'XGBoost'

The above exception was the direct cause of the following exception:

Traceback (most recent call last):
  File "box\box.py", line 536, in box.box.Box.__getattr__
  File "box\box.py", line 524, in box.box.Box.__getitem__
box.exceptions.BoxKeyError: "'XGBoost'"

During handling of the above exception, another exception occurred:

Traceback (most recent call last):
  File "box\box.py", line 538, in box.box.Box.__getattr__
AttributeError: 'ConfigBox' object has no attribute 'XGBoost'

The above exception was the direct cause of the following exception:

Traceback (most recent call last):
  File "box\config_box.py", line 28, in box.config_box.ConfigBox.__getattr__
  File "box\box.py", line 552, in box.box.Box.__getattr__
box.exceptions.BoxKeyError: "'ConfigBox' object has no attribute 'XGBoost'"

During handling of the above exception, another exception occurred:

Traceback (most recent call last):
  File "box\box.py", line 503, in box.box.Box.__getitem__
KeyError: 'xgboost'

The above exception was the direct cause of the following exception:

Traceback (most recent call last):
  File "box\box.py", line 536, in box.box.Box.__getattr__
  File "box\box.py", line 524, in box.box.Box.__getitem__
box.exceptions.BoxKeyError: "'xgboost'"

During handling of the above exception, another exception occurred:

Traceback (most recent call last):
  File "box\box.py", line 538, in box.box.Box.__getattr__
AttributeError: 'ConfigBox' object has no attribute 'xgboost'

The above exception was the direct cause of the following exception:

Traceback (most recent call last):
  File "main.py", line 56, in <module>
    data_ingestion.main()
  File "D:\ML_Deployment\Automadata\src\pipeline\stage_05_model_evaluation.py", line 14, in main
    model_eval_config = config.get_model_evaluation_config()
  File "D:\ML_Deployment\Automadata\src\config\configuration.py", line 86, in get_model_evaluation_config
    params = self.params.XGBoost
  File "box\config_box.py", line 30, in box.config_box.ConfigBox.__getattr__
  File "box\box.py", line 552, in box.box.Box.__getattr__
box.exceptions.BoxKeyError: "'ConfigBox' object has no attribute 'xgboost'"
[2024-01-15 17:38:49,217: INFO: main: >>>>>> Model Evaluation started <<<<<<]
[2024-01-15 17:38:49,217: INFO: common: yaml file: config\config.yaml loaded successfully]
[2024-01-15 17:38:49,217: INFO: common: yaml file: params\params.yaml loaded successfully]
[2024-01-15 17:38:49,230: INFO: common: yaml file: schema.yaml loaded successfully]
[2024-01-15 17:38:49,230: INFO: common: created directory at: artifacts]
[2024-01-15 17:38:49,230: ERROR: main: "'ConfigBox' object has no attribute 'xgboost'"]
Traceback (most recent call last):
  File "box\box.py", line 503, in box.box.Box.__getitem__
KeyError: 'XGBoost'

The above exception was the direct cause of the following exception:

Traceback (most recent call last):
  File "box\box.py", line 536, in box.box.Box.__getattr__
  File "box\box.py", line 524, in box.box.Box.__getitem__
box.exceptions.BoxKeyError: "'XGBoost'"

During handling of the above exception, another exception occurred:

Traceback (most recent call last):
  File "box\box.py", line 538, in box.box.Box.__getattr__
AttributeError: 'ConfigBox' object has no attribute 'XGBoost'

The above exception was the direct cause of the following exception:

Traceback (most recent call last):
  File "box\config_box.py", line 28, in box.config_box.ConfigBox.__getattr__
  File "box\box.py", line 552, in box.box.Box.__getattr__
box.exceptions.BoxKeyError: "'ConfigBox' object has no attribute 'XGBoost'"

During handling of the above exception, another exception occurred:

Traceback (most recent call last):
  File "box\box.py", line 503, in box.box.Box.__getitem__
KeyError: 'xgboost'

The above exception was the direct cause of the following exception:

Traceback (most recent call last):
  File "box\box.py", line 536, in box.box.Box.__getattr__
  File "box\box.py", line 524, in box.box.Box.__getitem__
box.exceptions.BoxKeyError: "'xgboost'"

During handling of the above exception, another exception occurred:

Traceback (most recent call last):
  File "box\box.py", line 538, in box.box.Box.__getattr__
AttributeError: 'ConfigBox' object has no attribute 'xgboost'

The above exception was the direct cause of the following exception:

Traceback (most recent call last):
  File "main.py", line 56, in <module>
    data_ingestion.main()
  File "D:\ML_Deployment\Automadata\src\pipeline\stage_05_model_evaluation.py", line 14, in main
    model_eval_config = config.get_model_evaluation_config()
  File "D:\ML_Deployment\Automadata\src\config\configuration.py", line 86, in get_model_evaluation_config
    params = self.params.XGBoost
  File "box\config_box.py", line 30, in box.config_box.ConfigBox.__getattr__
  File "box\box.py", line 552, in box.box.Box.__getattr__
box.exceptions.BoxKeyError: "'ConfigBox' object has no attribute 'xgboost'"
[2024-01-15 17:43:43,404: INFO: common: yaml file: config\config.yaml loaded successfully]
[2024-01-15 17:43:43,407: INFO: common: created directory at: artifacts]
[2024-01-15 17:43:43,407: INFO: common: created directory at: artifacts/model_evaluation]
[2024-01-15 17:46:08,874: INFO: common: yaml file: config\config.yaml loaded successfully]
[2024-01-15 17:46:08,874: INFO: common: created directory at: artifacts]
[2024-01-15 17:46:08,882: INFO: common: created directory at: artifacts/model_evaluation]
[2024-01-15 17:46:09,817: INFO: common: json file saved at: artifacts\model_evaluation\metrics.json]
[2024-01-15 17:48:42,405: INFO: main: >>>>>> Model Evaluation started <<<<<<]
[2024-01-15 17:48:42,405: INFO: common: yaml file: config\config.yaml loaded successfully]
[2024-01-15 17:48:42,417: INFO: common: yaml file: params\params.yaml loaded successfully]
[2024-01-15 17:48:42,425: INFO: common: yaml file: schema.yaml loaded successfully]
[2024-01-15 17:48:42,426: INFO: common: created directory at: artifacts]
[2024-01-15 17:48:42,426: INFO: common: created directory at: artifacts/model_evaluation]
[2024-01-15 17:48:43,692: ERROR: main: type tuple doesn't define __round__ method]
Traceback (most recent call last):
  File "main.py", line 56, in <module>
    data_ingestion.main()
  File "D:\ML_Deployment\Automadata\src\pipeline\stage_05_model_evaluation.py", line 16, in main
    model_eval_config.save_eval_metrics()
  File "D:\ML_Deployment\Automadata\src\components\model_evaluation.py", line 32, in save_eval_metrics
    "accuracy_score": round(accuracy, 4),
TypeError: type tuple doesn't define __round__ method
[2024-01-15 18:10:06,895: INFO: main: >>>>>> Model Evaluation started <<<<<<]
[2024-01-15 18:10:06,895: INFO: common: yaml file: config\config.yaml loaded successfully]
[2024-01-15 18:10:06,895: INFO: common: yaml file: params\params.yaml loaded successfully]
[2024-01-15 18:10:06,903: INFO: common: yaml file: schema.yaml loaded successfully]
[2024-01-15 18:10:06,903: INFO: common: created directory at: artifacts]
[2024-01-15 18:10:06,903: INFO: common: created directory at: artifacts/model_evaluation]
[2024-01-15 18:10:07,957: INFO: common: json file saved at: artifacts\model_evaluation\metrics.json]
[2024-01-15 18:10:07,957: INFO: main: >>>>>> stage Model Evaluation completed <<<<<<

x==========x]
[2024-01-16 11:09:01,662: INFO: common: yaml file: config\config.yaml loaded successfully]
[2024-01-16 16:08:16,071: INFO: main: >>>>>> Data Ingestion stage started <<<<<<]
[2024-01-16 16:08:16,074: INFO: common: yaml file: config\config.yaml loaded successfully]
[2024-01-16 16:08:16,080: INFO: common: yaml file: params\params.yaml loaded successfully]
[2024-01-16 16:08:16,086: INFO: common: yaml file: schema.yaml loaded successfully]
[2024-01-16 16:08:16,087: INFO: common: created directory at: artifacts]
[2024-01-16 16:08:16,087: INFO: common: created directory at: artifacts/data_ingestion]
[2024-01-16 16:08:16,087: INFO: data_ingestion: Exporting data from mongodb]
[2024-01-16 16:08:24,965: INFO: data_ingestion: Saving exported data into feature store file path: artifacts/data_ingestion]
[2024-01-16 16:08:25,087: INFO: main: >>>>>> Data Ingestion stage completed <<<<<<

x==========x]
[2024-01-16 16:08:25,087: INFO: main: >>>>>> Data Validation stage started <<<<<<]
[2024-01-16 16:08:25,087: INFO: common: yaml file: config\config.yaml loaded successfully]
[2024-01-16 16:08:25,087: INFO: common: yaml file: params\params.yaml loaded successfully]
[2024-01-16 16:08:25,099: INFO: common: yaml file: schema.yaml loaded successfully]
[2024-01-16 16:08:25,099: INFO: common: created directory at: artifacts]
[2024-01-16 16:08:25,099: INFO: common: created directory at: artifacts/data_validation]
[2024-01-16 16:08:25,142: INFO: main: >>>>>> stage Data Validation stage completed <<<<<<

x==========x]
[2024-01-16 16:08:25,143: INFO: main: >>>>>> Data Transformation stage started <<<<<<]
[2024-01-16 16:08:25,145: INFO: common: yaml file: config\config.yaml loaded successfully]
[2024-01-16 16:08:25,148: INFO: common: yaml file: params\params.yaml loaded successfully]
[2024-01-16 16:08:25,150: INFO: common: yaml file: schema.yaml loaded successfully]
[2024-01-16 16:08:25,150: INFO: common: created directory at: artifacts]
[2024-01-16 16:08:25,151: INFO: common: created directory at: artifacts/data_transformation]
[2024-01-16 16:08:25,421: INFO: data_transformation: save preprocessor object to artifacts/data_transformation]
[2024-01-16 16:08:25,421: INFO: common: binary file saved at: artifacts/data_transformation\preprocessor.joblib]
[2024-01-16 16:08:25,450: INFO: data_transformation: Preprocessed train and test data are saved ]
[2024-01-16 16:08:25,450: INFO: data_transformation: train data shape : (10875, 342)]
[2024-01-16 16:08:25,451: INFO: data_transformation: test data shape : (3626, 342)]
[2024-01-16 16:08:25,456: INFO: main: >>>>>> Data Transformation stage completed <<<<<<

x==========x]
[2024-01-16 16:08:25,457: INFO: main: >>>>>> Model Trainer stage started <<<<<<]
[2024-01-16 16:08:25,457: INFO: common: yaml file: config\config.yaml loaded successfully]
[2024-01-16 16:08:25,457: INFO: common: yaml file: params\params.yaml loaded successfully]
[2024-01-16 16:08:25,463: INFO: common: yaml file: schema.yaml loaded successfully]
[2024-01-16 16:08:25,463: INFO: common: created directory at: artifacts]
[2024-01-16 16:08:25,463: INFO: common: created directory at: artifacts/model_trainer]
[2024-01-16 16:13:10,712: INFO: common: binary file saved at: artifacts/model_trainer\model.joblib]
[2024-01-16 16:13:10,712: INFO: main: >>>>>> stage Model Trainer stage completed <<<<<<

x==========x]
[2024-01-16 16:13:10,712: INFO: main: >>>>>> Model Evaluation started <<<<<<]
[2024-01-16 16:13:10,728: INFO: common: yaml file: config\config.yaml loaded successfully]
[2024-01-16 16:13:10,732: INFO: common: yaml file: params\params.yaml loaded successfully]
[2024-01-16 16:13:10,736: INFO: common: yaml file: schema.yaml loaded successfully]
[2024-01-16 16:13:10,737: INFO: common: created directory at: artifacts]
[2024-01-16 16:13:10,737: INFO: common: created directory at: artifacts/model_evaluation]
[2024-01-16 16:13:10,781: INFO: common: json file saved at: artifacts\model_evaluation\metrics.json]
[2024-01-16 16:13:10,782: INFO: main: >>>>>> stage Model Evaluation completed <<<<<<

x==========x]
[2024-01-16 17:45:26,949: INFO: main: >>>>>> Data Ingestion stage started <<<<<<]
[2024-01-16 17:45:26,949: INFO: common: yaml file: config\config.yaml loaded successfully]
[2024-01-16 17:45:26,963: INFO: common: yaml file: params\params.yaml loaded successfully]
[2024-01-16 17:45:26,963: INFO: common: yaml file: schema.yaml loaded successfully]
[2024-01-16 17:45:26,963: INFO: common: created directory at: artifacts]
[2024-01-16 17:45:26,963: INFO: common: created directory at: artifacts/data_ingestion]
[2024-01-16 17:45:26,963: INFO: data_ingestion: Exporting data from mongodb]
[2024-01-16 17:45:46,004: INFO: data_ingestion: Saving exported data into feature store file path: artifacts/data_ingestion]
[2024-01-16 17:45:46,225: INFO: main: >>>>>> Data Ingestion stage completed <<<<<<

x==========x]
[2024-01-16 17:45:46,225: INFO: main: >>>>>> Data Validation stage started <<<<<<]
[2024-01-16 17:45:46,225: INFO: common: yaml file: config\config.yaml loaded successfully]
[2024-01-16 17:45:46,225: INFO: common: yaml file: params\params.yaml loaded successfully]
[2024-01-16 17:45:46,236: INFO: common: yaml file: schema.yaml loaded successfully]
[2024-01-16 17:45:46,237: INFO: common: created directory at: artifacts]
[2024-01-16 17:45:46,237: INFO: common: created directory at: artifacts/data_validation]
[2024-01-16 17:45:46,295: INFO: main: >>>>>> stage Data Validation stage completed <<<<<<

x==========x]
[2024-01-16 17:45:46,295: INFO: main: >>>>>> Data Transformation stage started <<<<<<]
[2024-01-16 17:45:46,295: INFO: common: yaml file: config\config.yaml loaded successfully]
[2024-01-16 17:45:46,295: INFO: common: yaml file: params\params.yaml loaded successfully]
[2024-01-16 17:45:46,308: INFO: common: yaml file: schema.yaml loaded successfully]
[2024-01-16 17:45:46,308: INFO: common: created directory at: artifacts]
[2024-01-16 17:45:46,308: INFO: common: created directory at: artifacts/data_transformation]
[2024-01-16 17:45:46,836: INFO: data_transformation: save preprocessor object to artifacts/data_transformation]
[2024-01-16 17:45:46,836: INFO: common: binary file saved at: artifacts/data_transformation\preprocessor.joblib]
[2024-01-16 17:45:46,895: INFO: data_transformation: Preprocessed train and test data are saved ]
[2024-01-16 17:45:46,895: INFO: data_transformation: train data shape : (21711, 349)]
[2024-01-16 17:45:46,895: INFO: data_transformation: test data shape : (7238, 349)]
[2024-01-16 17:45:46,913: INFO: main: >>>>>> Data Transformation stage completed <<<<<<

x==========x]
[2024-01-16 17:45:46,913: INFO: main: >>>>>> Model Trainer stage started <<<<<<]
[2024-01-16 17:45:46,916: INFO: common: yaml file: config\config.yaml loaded successfully]
[2024-01-16 17:45:46,917: INFO: common: yaml file: params\params.yaml loaded successfully]
[2024-01-16 17:45:46,919: INFO: common: yaml file: schema.yaml loaded successfully]
[2024-01-16 17:45:46,919: INFO: common: created directory at: artifacts]
[2024-01-16 17:45:46,920: INFO: common: created directory at: artifacts/model_trainer]
[2024-01-16 17:51:15,574: INFO: common: binary file saved at: artifacts/model_trainer\model.joblib]
[2024-01-16 17:51:15,574: INFO: main: >>>>>> stage Model Trainer stage completed <<<<<<

x==========x]
[2024-01-16 17:51:15,574: INFO: main: >>>>>> Model Evaluation started <<<<<<]
[2024-01-16 17:51:15,574: INFO: common: yaml file: config\config.yaml loaded successfully]
[2024-01-16 17:51:15,574: INFO: common: yaml file: params\params.yaml loaded successfully]
[2024-01-16 17:51:15,589: INFO: common: yaml file: schema.yaml loaded successfully]
[2024-01-16 17:51:15,589: INFO: common: created directory at: artifacts]
[2024-01-16 17:51:15,589: INFO: common: created directory at: artifacts/model_evaluation]
[2024-01-16 17:51:15,654: INFO: common: json file saved at: artifacts\model_evaluation\metrics.json]
[2024-01-16 17:51:15,656: INFO: main: >>>>>> stage Model Evaluation completed <<<<<<

x==========x]
[2024-01-16 19:27:03,076: INFO: main: >>>>>> Model Trainer stage started <<<<<<]
[2024-01-16 19:27:03,076: INFO: common: yaml file: config\config.yaml loaded successfully]
[2024-01-16 19:27:03,076: INFO: common: yaml file: params\params.yaml loaded successfully]
[2024-01-16 19:27:03,076: INFO: common: yaml file: schema.yaml loaded successfully]
[2024-01-16 19:27:03,076: INFO: common: created directory at: artifacts]
[2024-01-16 19:27:03,076: INFO: common: created directory at: artifacts/model_trainer]
[2024-01-16 19:32:32,477: INFO: main: >>>>>> stage Model Trainer stage completed <<<<<<

x==========x]
[2024-01-16 19:32:32,477: INFO: main: >>>>>> Model Evaluation started <<<<<<]
[2024-01-16 19:32:32,477: INFO: common: yaml file: config\config.yaml loaded successfully]
[2024-01-16 19:32:32,477: INFO: common: yaml file: params\params.yaml loaded successfully]
[2024-01-16 19:32:32,492: INFO: common: yaml file: schema.yaml loaded successfully]
[2024-01-16 19:32:32,492: INFO: common: created directory at: artifacts]
[2024-01-16 19:32:32,493: INFO: common: created directory at: artifacts/model_evaluation]
[2024-01-16 19:32:32,562: INFO: common: json file saved at: artifacts\model_evaluation\metrics.json]
[2024-01-16 19:32:32,562: INFO: main: >>>>>> stage Model Evaluation completed <<<<<<

x==========x]
[2024-01-16 19:48:53,564: INFO: main: >>>>>> Model Trainer stage started <<<<<<]
[2024-01-16 19:48:53,567: INFO: common: yaml file: config\config.yaml loaded successfully]
[2024-01-16 19:48:53,568: INFO: common: yaml file: params\params.yaml loaded successfully]
[2024-01-16 19:48:53,571: INFO: common: yaml file: schema.yaml loaded successfully]
[2024-01-16 19:48:53,571: INFO: common: created directory at: artifacts]
[2024-01-16 19:48:53,571: INFO: common: created directory at: artifacts/model_trainer]
[2024-01-16 19:54:31,000: INFO: main: >>>>>> stage Model Trainer stage completed <<<<<<

x==========x]
[2024-01-16 19:54:31,001: INFO: main: >>>>>> Model Evaluation started <<<<<<]
[2024-01-16 19:54:31,006: INFO: common: yaml file: config\config.yaml loaded successfully]
[2024-01-16 19:54:31,010: INFO: common: yaml file: params\params.yaml loaded successfully]
[2024-01-16 19:54:31,015: INFO: common: yaml file: schema.yaml loaded successfully]
[2024-01-16 19:54:31,016: INFO: common: created directory at: artifacts]
[2024-01-16 19:54:31,016: INFO: common: created directory at: artifacts/model_evaluation]
[2024-01-16 19:54:31,082: INFO: common: json file saved at: artifacts\model_evaluation\metrics.json]
[2024-01-16 19:54:31,084: INFO: main: >>>>>> stage Model Evaluation completed <<<<<<

x==========x]
